2026-06-03T01:07:40.254+03:00  INFO 8224 --- [Blogapp_1] [restartedMain] c.example.blogapp_1.BlogappApplication   : Starting BlogappApplication using Java 21.0.11 with PID 8224 (C:\Users\userrr\Desktop\blogapp_1\target\classes started by userrr in C:\Users\userrr\Desktop\blogapp_1)
2026-06-03T01:07:40.315+03:00 DEBUG 8224 --- [Blogapp_1] [restartedMain] c.example.blogapp_1.BlogappApplication   : Running with Spring Boot v3.2.5, Spring v6.1.6
2026-06-03T01:07:40.321+03:00  INFO 8224 --- [Blogapp_1] [restartedMain] c.example.blogapp_1.BlogappApplication   : The following 1 profile is active: "dev"
2026-06-03T01:07:40.534+03:00  INFO 8224 --- [Blogapp_1] [restartedMain] .e.DevToolsPropertyDefaultsPostProcessor : Devtools property defaults active! Set 'spring.devtools.add-properties' to 'false' to disable
2026-06-03T01:07:40.574+03:00  INFO 8224 --- [Blogapp_1] [restartedMain] .e.DevToolsPropertyDefaultsPostProcessor : For additional web related logging consider setting the 'logging.level.web' property to 'DEBUG'
2026-06-03T01:07:41.995+03:00  INFO 8224 --- [Blogapp_1] [restartedMain] .s.d.r.c.RepositoryConfigurationDelegate : Bootstrapping Spring Data JPA repositories in DEFAULT mode.
2026-06-03T01:07:42.073+03:00  INFO 8224 --- [Blogapp_1] [restartedMain] .s.d.r.c.RepositoryConfigurationDelegate : Finished Spring Data repository scanning in 68 ms. Found 3 JPA repository interfaces.
2026-06-03T01:07:43.135+03:00  INFO 8224 --- [Blogapp_1] [restartedMain] o.s.b.w.embedded.tomcat.TomcatWebServer  : Tomcat initialized with port 8080 (http)
2026-06-03T01:07:43.153+03:00  INFO 8224 --- [Blogapp_1] [restartedMain] o.apache.catalina.core.StandardService   : Starting service [Tomcat]
2026-06-03T01:07:43.153+03:00  INFO 8224 --- [Blogapp_1] [restartedMain] o.apache.catalina.core.StandardEngine    : Starting Servlet engine: [Apache Tomcat/10.1.20]
2026-06-03T01:07:43.232+03:00  INFO 8224 --- [Blogapp_1] [restartedMain] o.a.c.c.C.[Tomcat].[localhost].[/]       : Initializing Spring embedded WebApplicationContext
2026-06-03T01:07:43.232+03:00  INFO 8224 --- [Blogapp_1] [restartedMain] w.s.c.ServletWebServerApplicationContext : Root WebApplicationContext: initialization completed in 2657 ms
2026-06-03T01:07:43.402+03:00  INFO 8224 --- [Blogapp_1] [restartedMain] com.zaxxer.hikari.HikariDataSource       : HikariPool-1 - Starting...
2026-06-03T01:07:43.752+03:00  INFO 8224 --- [Blogapp_1] [restartedMain] com.zaxxer.hikari.pool.HikariPool        : HikariPool-1 - Added connection org.postgresql.jdbc.PgConnection@7d5387c0
2026-06-03T01:07:43.760+03:00  INFO 8224 --- [Blogapp_1] [restartedMain] com.zaxxer.hikari.HikariDataSource       : HikariPool-1 - Start completed.
2026-06-03T01:07:43.936+03:00  INFO 8224 --- [Blogapp_1] [restartedMain] o.hibernate.jpa.internal.util.LogHelper  : HHH000204: Processing PersistenceUnitInfo [name: default]
2026-06-03T01:07:44.050+03:00  INFO 8224 --- [Blogapp_1] [restartedMain] org.hibernate.Version                    : HHH000412: Hibernate ORM core version 6.4.4.Final
2026-06-03T01:07:44.098+03:00  INFO 8224 --- [Blogapp_1] [restartedMain] o.h.c.internal.RegionFactoryInitiator    : HHH000026: Second-level cache disabled
2026-06-03T01:07:44.490+03:00  INFO 8224 --- [Blogapp_1] [restartedMain] o.s.o.j.p.SpringPersistenceUnitInfo      : No LoadTimeWeaver setup: ignoring JPA class transformer
2026-06-03T01:07:45.836+03:00  INFO 8224 --- [Blogapp_1] [restartedMain] o.h.e.t.j.p.i.JtaPlatformInitiator       : HHH000489: No JTA platform available (set 'hibernate.transaction.jta.platform' to enable JTA platform integration)
2026-06-03T01:07:46.052+03:00  INFO 8224 --- [Blogapp_1] [restartedMain] j.LocalContainerEntityManagerFactoryBean : Initialized JPA EntityManagerFactory for persistence unit 'default'
2026-06-03T01:07:46.065+03:00  INFO 8224 --- [Blogapp_1] [restartedMain] c.e.blogapp_1.config.LoggingConfig       : Application started successfully
2026-06-03T01:07:46.625+03:00  WARN 8224 --- [Blogapp_1] [restartedMain] JpaBaseConfiguration$JpaWebConfiguration : spring.jpa.open-in-view is enabled by default. Therefore, database queries may be performed during view rendering. Explicitly configure spring.jpa.open-in-view to disable this warning
2026-06-03T01:07:46.765+03:00  INFO 8224 --- [Blogapp_1] [restartedMain] o.s.b.a.w.s.WelcomePageHandlerMapping    : Adding welcome page template: index
2026-06-03T01:07:47.039+03:00  INFO 8224 --- [Blogapp_1] [restartedMain] o.s.s.web.DefaultSecurityFilterChain     : Will secure any request with [org.springframework.security.web.session.DisableEncodeUrlFilter@fbecefa, org.springframework.security.web.context.request.async.WebAsyncManagerIntegrationFilter@18ba9c76, org.springframework.security.web.context.SecurityContextHolderFilter@5ef74baf, org.springframework.security.web.header.HeaderWriterFilter@2a57824, org.springframework.web.filter.CorsFilter@6d1515c1, org.springframework.security.web.authentication.logout.LogoutFilter@5fa020c0, org.springframework.security.web.authentication.UsernamePasswordAuthenticationFilter@52acc665, org.springframework.security.web.savedrequest.RequestCacheAwareFilter@7668d56a, org.springframework.security.web.servletapi.SecurityContextHolderAwareRequestFilter@654779ef, org.springframework.security.web.authentication.AnonymousAuthenticationFilter@7b56fd50, org.springframework.security.web.access.ExceptionTranslationFilter@631059fd, org.springframework.security.web.access.intercept.AuthorizationFilter@2390ff8f]
2026-06-03T01:07:47.494+03:00  INFO 8224 --- [Blogapp_1] [restartedMain] o.s.b.d.a.OptionalLiveReloadServer       : LiveReload server is running on port 35729
2026-06-03T01:07:47.540+03:00  INFO 8224 --- [Blogapp_1] [restartedMain] o.s.b.w.embedded.tomcat.TomcatWebServer  : Tomcat started on port 8080 (http) with context path ''
2026-06-03T01:07:47.552+03:00  INFO 8224 --- [Blogapp_1] [restartedMain] c.example.blogapp_1.BlogappApplication   : Started BlogappApplication in 8.612 seconds (process running for 12.582)
2026-06-03T01:11:02.379+03:00  INFO 8224 --- [Blogapp_1] [SpringApplicationShutdownHook] j.LocalContainerEntityManagerFactoryBean : Closing JPA EntityManagerFactory for persistence unit 'default'
2026-06-03T01:11:02.384+03:00  INFO 8224 --- [Blogapp_1] [SpringApplicationShutdownHook] com.zaxxer.hikari.HikariDataSource       : HikariPool-1 - Shutdown initiated...
2026-06-03T01:11:02.395+03:00  INFO 8224 --- [Blogapp_1] [SpringApplicationShutdownHook] com.zaxxer.hikari.HikariDataSource       : HikariPool-1 - Shutdown completed.
2026-06-03T01:11:05.888+03:00  INFO 10428 --- [Blogapp_1] [restartedMain] c.example.blogapp_1.BlogappApplication   : Starting BlogappApplication using Java 21.0.11 with PID 10428 (C:\Users\userrr\Desktop\blogapp_1\target\classes started by userrr in C:\Users\userrr\Desktop\blogapp_1)
2026-06-03T01:11:05.890+03:00 DEBUG 10428 --- [Blogapp_1] [restartedMain] c.example.blogapp_1.BlogappApplication   : Running with Spring Boot v3.2.5, Spring v6.1.6
2026-06-03T01:11:05.891+03:00  INFO 10428 --- [Blogapp_1] [restartedMain] c.example.blogapp_1.BlogappApplication   : The following 1 profile is active: "dev"
2026-06-03T01:11:05.955+03:00  INFO 10428 --- [Blogapp_1] [restartedMain] .e.DevToolsPropertyDefaultsPostProcessor : Devtools property defaults active! Set 'spring.devtools.add-properties' to 'false' to disable
2026-06-03T01:11:05.955+03:00  INFO 10428 --- [Blogapp_1] [restartedMain] .e.DevToolsPropertyDefaultsPostProcessor : For additional web related logging consider setting the 'logging.level.web' property to 'DEBUG'
2026-06-03T01:11:06.933+03:00  INFO 10428 --- [Blogapp_1] [restartedMain] .s.d.r.c.RepositoryConfigurationDelegate : Bootstrapping Spring Data JPA repositories in DEFAULT mode.
2026-06-03T01:11:07.004+03:00  INFO 10428 --- [Blogapp_1] [restartedMain] .s.d.r.c.RepositoryConfigurationDelegate : Finished Spring Data repository scanning in 64 ms. Found 3 JPA repository interfaces.
2026-06-03T01:11:07.754+03:00  INFO 10428 --- [Blogapp_1] [restartedMain] o.s.b.w.embedded.tomcat.TomcatWebServer  : Tomcat initialized with port 8080 (http)
2026-06-03T01:11:07.766+03:00  INFO 10428 --- [Blogapp_1] [restartedMain] o.apache.catalina.core.StandardService   : Starting service [Tomcat]
2026-06-03T01:11:07.766+03:00  INFO 10428 --- [Blogapp_1] [restartedMain] o.apache.catalina.core.StandardEngine    : Starting Servlet engine: [Apache Tomcat/10.1.20]
2026-06-03T01:11:07.837+03:00  INFO 10428 --- [Blogapp_1] [restartedMain] o.a.c.c.C.[Tomcat].[localhost].[/]       : Initializing Spring embedded WebApplicationContext
2026-06-03T01:11:07.838+03:00  INFO 10428 --- [Blogapp_1] [restartedMain] w.s.c.ServletWebServerApplicationContext : Root WebApplicationContext: initialization completed in 1881 ms
2026-06-03T01:11:07.984+03:00  INFO 10428 --- [Blogapp_1] [restartedMain] com.zaxxer.hikari.HikariDataSource       : HikariPool-1 - Starting...
2026-06-03T01:11:08.183+03:00  INFO 10428 --- [Blogapp_1] [restartedMain] com.zaxxer.hikari.pool.HikariPool        : HikariPool-1 - Added connection org.postgresql.jdbc.PgConnection@45899faf
2026-06-03T01:11:08.185+03:00  INFO 10428 --- [Blogapp_1] [restartedMain] com.zaxxer.hikari.HikariDataSource       : HikariPool-1 - Start completed.
2026-06-03T01:11:08.330+03:00  INFO 10428 --- [Blogapp_1] [restartedMain] o.hibernate.jpa.internal.util.LogHelper  : HHH000204: Processing PersistenceUnitInfo [name: default]
2026-06-03T01:11:08.399+03:00  INFO 10428 --- [Blogapp_1] [restartedMain] org.hibernate.Version                    : HHH000412: Hibernate ORM core version 6.4.4.Final
2026-06-03T01:11:08.442+03:00  INFO 10428 --- [Blogapp_1] [restartedMain] o.h.c.internal.RegionFactoryInitiator    : HHH000026: Second-level cache disabled
2026-06-03T01:11:08.754+03:00  INFO 10428 --- [Blogapp_1] [restartedMain] o.s.o.j.p.SpringPersistenceUnitInfo      : No LoadTimeWeaver setup: ignoring JPA class transformer
2026-06-03T01:11:10.293+03:00  INFO 10428 --- [Blogapp_1] [restartedMain] o.h.e.t.j.p.i.JtaPlatformInitiator       : HHH000489: No JTA platform available (set 'hibernate.transaction.jta.platform' to enable JTA platform integration)
2026-06-03T01:11:10.379+03:00  INFO 10428 --- [Blogapp_1] [restartedMain] j.LocalContainerEntityManagerFactoryBean : Initialized JPA EntityManagerFactory for persistence unit 'default'
2026-06-03T01:11:10.394+03:00  INFO 10428 --- [Blogapp_1] [restartedMain] c.e.blogapp_1.config.LoggingConfig       : Application started successfully
2026-06-03T01:11:10.903+03:00  WARN 10428 --- [Blogapp_1] [restartedMain] JpaBaseConfiguration$JpaWebConfiguration : spring.jpa.open-in-view is enabled by default. Therefore, database queries may be performed during view rendering. Explicitly configure spring.jpa.open-in-view to disable this warning
2026-06-03T01:11:11.029+03:00  INFO 10428 --- [Blogapp_1] [restartedMain] o.s.b.a.w.s.WelcomePageHandlerMapping    : Adding welcome page template: index
2026-06-03T01:11:11.314+03:00  INFO 10428 --- [Blogapp_1] [restartedMain] o.s.s.web.DefaultSecurityFilterChain     : Will secure any request with [org.springframework.security.web.session.DisableEncodeUrlFilter@4b6c4667, org.springframework.security.web.context.request.async.WebAsyncManagerIntegrationFilter@5b6dae62, org.springframework.security.web.context.SecurityContextHolderFilter@48aba11c, org.springframework.security.web.header.HeaderWriterFilter@332c00df, org.springframework.web.filter.CorsFilter@218c8f00, org.springframework.security.web.authentication.logout.LogoutFilter@7be38ca8, org.springframework.security.web.authentication.UsernamePasswordAuthenticationFilter@6dabf68d, org.springframework.security.web.savedrequest.RequestCacheAwareFilter@525a10b, org.springframework.security.web.servletapi.SecurityContextHolderAwareRequestFilter@3d4981c, org.springframework.security.web.authentication.AnonymousAuthenticationFilter@5678a0d5, org.springframework.security.web.access.ExceptionTranslationFilter@3d52cbf4, org.springframework.security.web.access.intercept.AuthorizationFilter@27d2c696]
2026-06-03T01:11:11.738+03:00  INFO 10428 --- [Blogapp_1] [restartedMain] o.s.b.d.a.OptionalLiveReloadServer       : LiveReload server is running on port 35729
2026-06-03T01:11:11.783+03:00  INFO 10428 --- [Blogapp_1] [restartedMain] o.s.b.w.embedded.tomcat.TomcatWebServer  : Tomcat started on port 8080 (http) with context path ''
2026-06-03T01:11:11.796+03:00  INFO 10428 --- [Blogapp_1] [restartedMain] c.example.blogapp_1.BlogappApplication   : Started BlogappApplication in 6.573 seconds (process running for 7.584)
2026-06-03T01:11:43.859+03:00  INFO 10428 --- [Blogapp_1] [SpringApplicationShutdownHook] j.LocalContainerEntityManagerFactoryBean : Closing JPA EntityManagerFactory for persistence unit 'default'
2026-06-03T01:11:43.862+03:00  INFO 10428 --- [Blogapp_1] [SpringApplicationShutdownHook] com.zaxxer.hikari.HikariDataSource       : HikariPool-1 - Shutdown initiated...
2026-06-03T01:11:43.871+03:00  INFO 10428 --- [Blogapp_1] [SpringApplicationShutdownHook] com.zaxxer.hikari.HikariDataSource       : HikariPool-1 - Shutdown completed.
2026-06-03T01:13:31.080+03:00  INFO 12992 --- [Blogapp_1] [main] c.e.b.controller.PostControllerTest      : Starting PostControllerTest using Java 21.0.11 with PID 12992 (started by userrr in C:\Users\userrr\Desktop\blogapp_1)
2026-06-03T01:13:31.081+03:00 DEBUG 12992 --- [Blogapp_1] [main] c.e.b.controller.PostControllerTest      : Running with Spring Boot v3.2.5, Spring v6.1.6
2026-06-03T01:13:31.083+03:00  INFO 12992 --- [Blogapp_1] [main] c.e.b.controller.PostControllerTest      : The following 1 profile is active: "dev"
2026-06-03T01:13:34.591+03:00  INFO 12992 --- [Blogapp_1] [main] o.s.b.a.w.s.WelcomePageHandlerMapping    : Adding welcome page template: index
2026-06-03T01:13:35.752+03:00  WARN 12992 --- [Blogapp_1] [main] .s.s.UserDetailsServiceAutoConfiguration : 

Using generated security password: 608dc530-c7cc-4411-9535-c31218ab9caf

This generated password is for development use only. Your security configuration must be updated before running your application in production.

2026-06-03T01:13:35.930+03:00  INFO 12992 --- [Blogapp_1] [main] o.s.s.web.DefaultSecurityFilterChain     : Will secure any request with [org.springframework.security.web.session.DisableEncodeUrlFilter@652b3733, org.springframework.security.web.context.request.async.WebAsyncManagerIntegrationFilter@7b598d05, org.springframework.security.web.context.SecurityContextHolderFilter@63e70bf9, org.springframework.security.web.header.HeaderWriterFilter@38dbeb39, org.springframework.web.filter.CorsFilter@6cc8c13c, org.springframework.security.web.csrf.CsrfFilter@cf10c92, org.springframework.security.web.authentication.logout.LogoutFilter@789dd6bf, org.springframework.security.web.authentication.UsernamePasswordAuthenticationFilter@95cecc5, org.springframework.security.web.authentication.ui.DefaultLoginPageGeneratingFilter@433d93e7, org.springframework.security.web.authentication.ui.DefaultLogoutPageGeneratingFilter@371cd2fc, org.springframework.security.web.authentication.www.BasicAuthenticationFilter@6e7e0259, org.springframework.security.web.savedrequest.RequestCacheAwareFilter@419f0ea, org.springframework.security.web.servletapi.SecurityContextHolderAwareRequestFilter@2d47b06, org.springframework.security.web.authentication.AnonymousAuthenticationFilter@b32e983, org.springframework.security.web.access.ExceptionTranslationFilter@3e9fb485, org.springframework.security.web.access.intercept.AuthorizationFilter@603d25db]
2026-06-03T01:13:36.170+03:00  INFO 12992 --- [Blogapp_1] [main] o.s.b.t.m.w.SpringBootMockServletContext : Initializing Spring TestDispatcherServlet ''
2026-06-03T01:13:36.171+03:00  INFO 12992 --- [Blogapp_1] [main] o.s.t.web.servlet.TestDispatcherServlet  : Initializing Servlet ''
2026-06-03T01:13:36.175+03:00  INFO 12992 --- [Blogapp_1] [main] o.s.t.web.servlet.TestDispatcherServlet  : Completed initialization in 4 ms
2026-06-03T01:13:36.254+03:00  INFO 12992 --- [Blogapp_1] [main] c.e.b.controller.PostControllerTest      : Started PostControllerTest in 6.215 seconds (process running for 8.11)
2026-06-03T01:18:20.936+03:00  INFO 11636 --- [Blogapp_1] [main] c.e.b.controller.PostControllerTest      : Starting PostControllerTest using Java 21.0.11 with PID 11636 (started by userrr in C:\Users\userrr\Desktop\blogapp_1)
2026-06-03T01:18:20.940+03:00 DEBUG 11636 --- [Blogapp_1] [main] c.e.b.controller.PostControllerTest      : Running with Spring Boot v3.2.5, Spring v6.1.6
2026-06-03T01:18:20.942+03:00  INFO 11636 --- [Blogapp_1] [main] c.e.b.controller.PostControllerTest      : The following 1 profile is active: "dev"
2026-06-03T01:18:25.156+03:00  INFO 11636 --- [Blogapp_1] [main] o.s.b.a.w.s.WelcomePageHandlerMapping    : Adding welcome page template: index
2026-06-03T01:18:25.994+03:00  WARN 11636 --- [Blogapp_1] [main] .s.s.UserDetailsServiceAutoConfiguration : 

Using generated security password: 16864839-220b-4f1a-9f0a-700d52b478d1

This generated password is for development use only. Your security configuration must be updated before running your application in production.

2026-06-03T01:18:26.379+03:00  INFO 11636 --- [Blogapp_1] [main] o.s.s.web.DefaultSecurityFilterChain     : Will secure any request with [org.springframework.security.web.session.DisableEncodeUrlFilter@42f9873e, org.springframework.security.web.context.request.async.WebAsyncManagerIntegrationFilter@18483b8b, org.springframework.security.web.context.SecurityContextHolderFilter@cf10c92, org.springframework.security.web.header.HeaderWriterFilter@28b5662d, org.springframework.web.filter.CorsFilter@24fc2c80, org.springframework.security.web.csrf.CsrfFilter@7ee12d58, org.springframework.security.web.authentication.logout.LogoutFilter@59371066, org.springframework.security.web.authentication.UsernamePasswordAuthenticationFilter@fd4459b, org.springframework.security.web.authentication.ui.DefaultLoginPageGeneratingFilter@6f6c8d45, org.springframework.security.web.authentication.ui.DefaultLogoutPageGeneratingFilter@965bcbc, org.springframework.security.web.authentication.www.BasicAuthenticationFilter@69d667a5, org.springframework.security.web.savedrequest.RequestCacheAwareFilter@2d4e99de, org.springframework.security.web.servletapi.SecurityContextHolderAwareRequestFilter@580ffea, org.springframework.security.web.authentication.AnonymousAuthenticationFilter@7ab1ad9, org.springframework.security.web.access.ExceptionTranslationFilter@7717b4a0, org.springframework.security.web.access.intercept.AuthorizationFilter@51a719e7]
2026-06-03T01:18:26.499+03:00  INFO 11636 --- [Blogapp_1] [main] o.s.b.t.m.w.SpringBootMockServletContext : Initializing Spring TestDispatcherServlet ''
2026-06-03T01:18:26.500+03:00  INFO 11636 --- [Blogapp_1] [main] o.s.t.web.servlet.TestDispatcherServlet  : Initializing Servlet ''
2026-06-03T01:18:26.508+03:00  INFO 11636 --- [Blogapp_1] [main] o.s.t.web.servlet.TestDispatcherServlet  : Completed initialization in 2 ms
2026-06-03T01:18:26.571+03:00  INFO 11636 --- [Blogapp_1] [main] c.e.b.controller.PostControllerTest      : Started PostControllerTest in 6.569 seconds (process running for 8.365)
